make: Entering directory '/home/wxx33/micropython/ports/stm32'
Use make V=1 or set BUILD_VERBOSE in your environment to increase build verbosity.
Including User C Module from ../../modules/smartcar
GEN build-smartcar-WEACTSTUDIO_MINI_STM32H743/genhdr/qstr.i.last
GEN build-smartcar-WEACTSTUDIO_MINI_STM32H743/genhdr/qstr.split
GEN build-smartcar-WEACTSTUDIO_MINI_STM32H743/genhdr/root_pointers.split
GEN build-smartcar-WEACTSTUDIO_MINI_STM32H743/genhdr/moduledefs.split
GEN build-smartcar-WEACTSTUDIO_MINI_STM32H743/genhdr/compressed.split
GEN build-smartcar-WEACTSTUDIO_MINI_STM32H743/genhdr/qstrdefs.collected.h
GEN build-smartcar-WEACTSTUDIO_MINI_STM32H743/genhdr/moduledefs.collected
GEN build-smartcar-WEACTSTUDIO_MINI_STM32H743/genhdr/root_pointers.collected
GEN build-smartcar-WEACTSTUDIO_MINI_STM32H743/genhdr/compressed.collected
Root pointer registrations not updated
Module registrations not updated
Compressed data not updated
QSTR not updated
CC ../../modules/smartcar/modsmartcar.c
CC ../../modules/smartcar/adc_port.c
CC ../../modules/smartcar/encoder_port.c
CC ../../extmod/machine_adc.c
CC ../../extmod/machine_pwm.c
CC main.c
CC stm32_it.c
CC timer.c
CC adc.c
LINK build-smartcar-WEACTSTUDIO_MINI_STM32H743/firmware.elf
   text	   data	    bss	    dec	    hex	filename
 414660	     76	  32856	 447592	  6d468	build-smartcar-WEACTSTUDIO_MINI_STM32H743/firmware.elf
GEN build-smartcar-WEACTSTUDIO_MINI_STM32H743/firmware.bin
GEN build-smartcar-WEACTSTUDIO_MINI_STM32H743/firmware.hex
GEN build-smartcar-WEACTSTUDIO_MINI_STM32H743/firmware.dfu
make: Leaving directory '/home/wxx33/micropython/ports/stm32'
